// Jest Snapshot v1, https://goo.gl/fbAQLP

exports[`snapshots match 1`] = `
<div
  className="modal"
>
  <div
    className="modal__backdrop"
  >
    <div
      className="modal__backdrop__body"
    >
      <h2>
        Add an item
      </h2>
      <input
        className="modal__backdrop__body__input"
        onChange={[Function]}
        onKeyPress={[Function]}
        type="text"
        value=""
      />
      <div
        className="modal__backdrop__body__buttons"
      >
        <button
          aria-label="Close modal"
          className="button   "
          onClick={[Function]}
        >
          Close
        </button>
        <button
          aria-label="Add item "
          className="button button--primary button--disabled "
          disabled={true}
          onClick={[Function]}
        >
          Save
        </button>
      </div>
    </div>
  </div>
</div>
`;

exports[`snapshots match 2`] = `
<div
  className="modal"
>
  <div
    className="modal__backdrop"
  >
    <div
      className="modal__backdrop__body"
    >
      <h2>
        Add an item
      </h2>
      <input
        className="modal__backdrop__body__input"
        onChange={[Function]}
        onKeyPress={[Function]}
        type="text"
        value=""
      />
      <div
        className="modal__backdrop__body__buttons"
      >
        <button
          aria-label="Close modal"
          className="button   "
          onClick={[Function]}
        >
          Close
        </button>
        <button
          aria-label="Add item "
          className="button button--primary button--disabled "
          disabled={true}
          onClick={[Function]}
        >
          Save
        </button>
      </div>
    </div>
  </div>
</div>
`;

exports[`snapshots match 3`] = `
<div
  className="modal"
>
  <div
    className="modal__backdrop"
  >
    <div
      className="modal__backdrop__body"
    >
      <h2>
        Add an item
      </h2>
      <input
        className="modal__backdrop__body__input"
        onChange={[Function]}
        onKeyPress={[Function]}
        type="text"
        value=""
      />
      <div
        className="modal__backdrop__body__buttons"
      >
        <button
          aria-label="Close modal"
          className="button   "
          onClick={[Function]}
        >
          Close
        </button>
        <button
          aria-label="Add item "
          className="button button--primary button--disabled "
          disabled={true}
          onClick={[Function]}
        >
          Save
        </button>
      </div>
    </div>
  </div>
</div>
`;
